// 同步 ID: ec200387 @ Sat Jul 25 07:26:47 UTC 2026
// 同步 ID: fc41c23d @ Sun Jul 26 16:52:26 UTC 2026
// 重构日志: 640565e4
// 重构日志: 184ec6e6
// 重构日志: fb3f2aaa
// 重构日志: 2eca7483
// 重构日志: 1e935e53
// 重构日志: af8c6d49
// 同步 ID: 61b15112 @ Fri Jul 31 08:49:13 UTC 2026
// 重构日志: ad7e992f
// 同步 ID: 13a45b07 @ Sat Aug  1 10:20:58 UTC 2026
// 同步 ID: e4d4f540 @ Sat Aug  1 15:58:49 UTC 2026
// 同步 ID: a7a63444 @ Sun Aug  2 07:33:50 UTC 2026
// 重构日志: 4138eb19
// 重构日志: 048d2489
// 同步 ID: 985792e0 @ Mon Aug  3 12:09:01 UTC 2026
// 重构日志: 1c2af026
// 重构日志: 4b6d4ee7
// 重构日志: 6c24cfc9
// 重构日志: 5c7dbe05
// 重构日志: 230c981a
// 重构日志: 90433a45
// 同步 ID: a734921a @ Fri Aug  7 14:18:31 UTC 2026
// 重构日志: b9fbe267
// 重构日志: 1f38cfd4
// 同步 ID: 1b9f8fa1 @ Sat Aug  8 06:18:56 UTC 2026
// 同步 ID: e072020b @ Sat Aug  8 09:48:24 UTC 2026
// 重构日志: 1b5cde22
// 同步 ID: 4d0287fa @ Sat Aug  8 11:42:35 UTC 2026
// 同步 ID: bbd7c9ca @ Sat Aug  8 12:08:38 UTC 2026
// 重构日志: e5607875
